(T9)愛麗絲從(27,26)到(22,26)
(T10)帝國動員兵A將愛麗絲選為目標
(T10)帝國動員兵A從(20,24)到(21,26)
(T10)帝國動員兵A用無畏二型命中愛麗絲造成5點傷害(20>1)
(T13)帝國裝甲車「阿斯提」B將愛麗絲選為目標
(T13)帝國裝甲車「阿斯提」B從(1,26)到(11,26)
(T16)帝國裝甲車「阿斯提」B用迫擊炮對帝國動員兵A造成10點傷害並施加震懾
(T16)帝國裝甲車「阿斯提」B用迫擊炮對愛麗絲造成7點傷害並施加震懾
(T19)帝國裝甲車「阿斯提」B用迫擊炮對帝國動員兵A造成9點傷害並施加震懾
(T19)帝國動員兵A將愛麗絲選為目標
(T22)帝國動員兵C將愛麗絲選為目標
(T22)帝國動員兵C從(49,44)到(49,39)
(T23)帝國動員兵D將愛麗絲選為目標
(T23)帝國動員兵D從(10,26)到(14,25)
(T25)帝國裝甲車「阿斯提」B將愛麗絲選為目標
(T25)帝國裝甲車「阿斯提」B從(11,26)到(17,26)
(T25)帝國裝甲車「阿斯提」B用帝國車載輕機槍對愛麗絲造成2點傷害(迴避成功9<=11)
(T28)帝國動員兵A將愛麗絲選為目標
(T31)帝國動員兵C將愛麗絲選為目標
(T31)帝國動員兵C從(49,39)到(49,34)
(T32)帝國動員兵D將愛麗絲選為目標
(T32)帝國動員兵D從(14,25)到(19,25)
(T32)帝國動員兵D用無畏二型命中愛麗絲造成7點傷害(20>7)
(T37)帝國動員兵A將愛麗絲選為目標
(T37)帝國動員兵A對愛麗絲發起刺刀突擊,命中(20>12)
(T38)帝國裝甲車「阿斯提」B將愛麗絲選為目標
(T38)帝國裝甲車「阿斯提」B從(17,26)到(17,26)
(T38)帝國裝甲車「阿斯提」B用帝國車載輕機槍對愛麗絲造成2點傷害(迴避成功5<=11)
(T40)帝國動員兵C將愛麗絲選為目標
(T40)帝國動員兵C從(49,34)到(45,33)
(T41)帝國動員兵D將愛麗絲選為目標
(T41)帝國動員兵D從(19,25)到(22,25)
(T46)帝國動員兵A將愛麗絲選為目標
(T46)帝國動員兵A對愛麗絲發起刺刀突擊,未命中(4<=15)
(T49)帝國動員兵C將愛麗絲選為目標
(T49)帝國動員兵C從(45,33)到(42,31)
(T50)帝國動員兵D將愛麗絲選為目標
