(T9)愛麗絲從(27,26)到(23,27)
(T10)帝國動員兵A將愛麗絲選為目標
(T10)帝國動員兵A從(20,24)到(21,27)
(T10)帝國動員兵A用無畏二型命中愛麗絲造成5點傷害(16>4)
(T13)帝國裝甲車「阿斯提」B將愛麗絲選為目標
(T13)帝國裝甲車「阿斯提」B從(1,26)到(11,26)
(T17)愛麗絲從(23,27)到(24,27)
(T17)愛麗絲從(24,27)到(24,26)
(T19)帝國裝甲車「阿斯提」B用迫擊炮對夏洛特造成6點傷害並施加震懾
(T19)帝國裝甲車「阿斯提」B用迫擊炮對艾倫造成8點傷害並施加震懾
(T19)帝國動員兵A將愛麗絲選為目標
(T19)帝國動員兵A從(21,27)到(23,26)
(T20)艾倫從(27,27)到(27,30)
(T20)夏洛特從(26,27)到(26,30)
(T22)帝國裝甲車「阿斯提」B用迫擊炮對帝國動員兵A造成9點傷害並施加震懾
(T22)帝國裝甲車「阿斯提」B用迫擊炮對愛麗絲造成8點傷害並施加震懾
(T22)帝國動員兵C將愛麗絲選為目標
(T22)帝國動員兵C從(49,44)到(49,39)
(T23)帝國動員兵D將愛麗絲選為目標
(T23)帝國動員兵D從(10,26)到(14,25)
