(T8)狼王C將昏迷的愛麗絲選為目標
(T8)狼王C從(10,7)到(11,7)
(T10)老狼A呼喚了野狼D
(T10)老狼B呼喚了野狼E
(T10)艾倫從(9,14)到(7,11)
(T10)艾倫將老狼A選為目標
(T10)艾倫用蛇杖攻擊老狼A未能命中(13<=17)
(T10)夏洛特從(10,14)到(8,9)
(T10)夏洛特將老狼A選為目標
(T10)夏洛特用巡林者命中老狼A造成9點傷害(14>0)
(T16)狼王C用火球對昏迷的愛麗絲造成2點傷害
(T19)老狼A將艾倫選為目標
(T19)老狼A用爪子命中艾倫造成5點傷害(19>15)
(T19)老狼B將艾倫選為目標
(T19)老狼B從(13,12)到(9,11)
(T19)野狼D將艾倫選為目標
(T19)野狼D從(0,11)到(6,12)
(T19)野狼E將艾倫選為目標
(T19)野狼E從(19,12)到(13,11)
(T20)艾倫從(7,11)到(6,10)
(T20)艾倫將老狼A選為目標
(T20)艾倫用蛇杖命中老狼A造成4點傷害(21>10)
(T20)艾倫從(6,10)到(6,7)
(T20)夏洛特將老狼A選為目標
(T20)夏洛特用巡林者攻擊老狼A未能命中(19<=19)
