(T9)愛麗絲從(27,26)到(24,26)
(T10)帝國動員兵A將愛麗絲選為目標
(T10)帝國動員兵A從(20,24)到(22,26)
(T10)帝國動員兵A用無畏二型攻擊愛麗絲未能命中(11<=16)
(T10)艾倫從(27,27)到(24,28)
(T10)夏洛特從(26,27)到(24,27)
(T13)帝國裝甲車「阿斯提」B將愛麗絲選為目標
(T13)帝國裝甲車「阿斯提」B從(1,26)到(11,26)
(T16)帝國裝甲車「阿斯提」B用迫擊炮對帝國動員兵A造成7點傷害並施加震懾
(T16)帝國裝甲車「阿斯提」B用迫擊炮對愛麗絲造成7點傷害並施加震懾
(T19)帝國動員兵A將愛麗絲選為目標
(T19)帝國動員兵A從(22,26)到(23,26)
(T22)帝國裝甲車「阿斯提」B用迫擊炮對帝國動員兵A造成7點傷害並施加震懾
(T22)帝國動員兵C將愛麗絲選為目標
(T22)帝國動員兵C從(49,44)到(49,39)
(T23)帝國動員兵D將愛麗絲選為目標
(T23)帝國動員兵D從(10,26)到(14,25)
(T25)帝國裝甲車「阿斯提」B將愛麗絲選為目標
(T25)帝國裝甲車「阿斯提」B從(11,26)到(19,26)
(T25)帝國裝甲車「阿斯提」B用帝國車載輕機槍對愛麗絲造成3點傷害(迴避成功2<=11)
(T25)帝國裝甲車「阿斯提」B用帝國車載輕機槍對夏洛特造成11點傷害(迴避失敗16>12)
(T25)帝國裝甲車「阿斯提」B用帝國車載輕機槍對艾倫造成3點傷害(迴避成功1<=11)
(T28)帝國動員兵A將愛麗絲選為目標
(T31)帝國動員兵C將艾倫選為目標
(T31)帝國動員兵C從(49,39)到(49,34)
(T32)帝國動員兵D將愛麗絲選為目標
(T32)帝國動員兵D從(14,25)到(18,26)
(T37)帝國動員兵A將愛麗絲選為目標
(T38)帝國裝甲車「阿斯提」B將夏洛特選為目標
(T38)帝國裝甲車「阿斯提」B從(19,26)到(19,26)
(T38)帝國裝甲車「阿斯提」B用帝國車載輕機槍對愛麗絲造成3點傷害(迴避成功11<=11)
(T38)帝國裝甲車「阿斯提」B用帝國車載輕機槍對夏洛特造成2點傷害(迴避成功1<=12)
(T38)帝國裝甲車「阿斯提」B用帝國車載輕機槍對艾倫造成4點傷害(迴避成功6<=11)
