(T9)愛麗絲從(27,26)到(22,26)
(T10)帝國動員兵A將愛麗絲選為目標
(T10)帝國動員兵A從(20,24)到(21,26)
(T10)帝國動員兵A用無畏二型攻擊愛麗絲未能命中(2<=10)
(T13)帝國裝甲車「阿斯提」B將愛麗絲選為目標
(T13)帝國裝甲車「阿斯提」B從(1,26)到(11,26)
(T19)帝國動員兵A將愛麗絲選為目標
(T22)帝國動員兵C將愛麗絲選為目標
(T22)帝國動員兵C從(49,44)到(49,39)
(T23)帝國動員兵D將愛麗絲選為目標
(T23)帝國動員兵D從(10,26)到(14,25)
(T25)帝國裝甲車「阿斯提」B將愛麗絲選為目標
(T25)帝國裝甲車「阿斯提」B從(11,26)到(17,26)
(T25)帝國裝甲車「阿斯提」B用帝國車載輕機槍對愛麗絲造成2點傷害(迴避成功10<=11)
(T28)帝國動員兵A將愛麗絲選為目標
(T28)帝國動員兵A對愛麗絲發起刺刀突擊,未命中(8<=19)
(T31)帝國動員兵C將愛麗絲選為目標
(T31)帝國動員兵C從(49,39)到(49,34)
(T32)帝國動員兵D將愛麗絲選為目標
(T32)帝國動員兵D從(14,25)到(19,25)
(T32)帝國動員兵D用無畏二型命中愛麗絲造成7點傷害(13>2)
(T37)帝國動員兵A將愛麗絲選為目標
(T37)帝國動員兵A對愛麗絲發起刺刀突擊,命中(15>10)
(T38)帝國裝甲車「阿斯提」B將愛麗絲選為目標
(T38)帝國裝甲車「阿斯提」B從(17,26)到(17,26)
(T38)帝國裝甲車「阿斯提」B用帝國車載輕機槍對愛麗絲造成4點傷害(迴避成功11<=11)
(T40)帝國動員兵C將愛麗絲選為目標
(T40)帝國動員兵C從(49,34)到(45,33)
(T41)帝國動員兵D將愛麗絲選為目標
(T41)帝國動員兵D從(19,25)到(22,25)
(T46)帝國動員兵A將愛麗絲選為目標
(T46)帝國動員兵A對愛麗絲發起刺刀突擊,命中(18>10)
(T49)帝國動員兵C將愛麗絲選為目標
(T49)帝國動員兵C從(45,33)到(42,31)
(T50)帝國動員兵D將愛麗絲選為目標
(T50)帝國動員兵D對愛麗絲發起刺刀突擊,命中(6>1)
(T50)帝國裝甲車「阿斯提」B將愛麗絲選為目標
(T50)帝國裝甲車「阿斯提」B從(17,26)到(17,26)
(T50)帝國裝甲車「阿斯提」B用帝國車載輕機槍對帝國動員兵D造成11點傷害(迴避失敗17>10)
(T50)帝國裝甲車「阿斯提」B用帝國車載輕機槍對愛麗絲造成2點傷害(迴避成功7<=11)
(T55)帝國動員兵A將愛麗絲選為目標
(T55)帝國動員兵A對愛麗絲發起刺刀突擊,命中(8>3)
(T58)帝國動員兵C將愛麗絲選為目標
(T58)帝國動員兵C從(42,31)到(42,26)
