(T9)愛麗絲從(27,26)到(23,26)
(T10)帝國動員兵A將愛麗絲選為目標
(T10)帝國動員兵A從(20,24)到(22,26)
(T10)帝國動員兵A用無畏二型攻擊愛麗絲未能命中(2<=10)
(T13)帝國裝甲車「阿斯提」B將愛麗絲選為目標
(T13)帝國裝甲車「阿斯提」B從(1,26)到(11,26)
(T16)帝國裝甲車「阿斯提」B用迫擊炮對愛麗絲造成6點傷害並施加震懾
(T19)帝國動員兵A將愛麗絲選為目標
(T20)艾倫從(27,27)到(23,28)
(T20)夏洛特從(26,27)到(25,22)
(T22)帝國動員兵C將愛麗絲選為目標
(T22)帝國動員兵C從(49,44)到(49,39)
(T23)帝國動員兵D將愛麗絲選為目標
(T23)帝國動員兵D從(10,26)到(14,25)
(T25)帝國裝甲車「阿斯提」B將愛麗絲選為目標
(T25)帝國裝甲車「阿斯提」B從(11,26)到(18,26)
(T28)帝國動員兵A將愛麗絲選為目標
(T28)帝國動員兵A對愛麗絲發起刺刀突擊,未命中(7<=19)
(T31)帝國動員兵C將艾倫選為目標
(T31)帝國動員兵C從(49,39)到(49,34)
(T32)帝國動員兵D將愛麗絲選為目標
(T32)帝國動員兵D從(14,25)到(19,25)
(T32)帝國動員兵D用無畏二型攻擊愛麗絲未能命中(8<=12)
(T37)帝國動員兵A將愛麗絲選為目標
(T37)帝國動員兵A對愛麗絲發起刺刀突擊,未命中(7<=10)
(T38)帝國裝甲車「阿斯提」B將艾倫選為目標
(T38)帝國裝甲車「阿斯提」B從(18,26)到(18,26)
