(T7)野蜂A將艾倫選為目標
(T7)野蜂A從(3,1)到(3,6)
(T10)艾倫從(3,12)到(3,10)
(T14)野蜂A將艾倫選為目標
(T14)野蜂A從(3,6)到(3,9)
(T14)野蜂A用尾針攻擊艾倫未能命中(15<=20)
(T20)野蜂A將艾倫選為目標
(T20)野蜂A用尾針攻擊艾倫未能命中(11<=11)
(T27)野蜂A將艾倫選為目標
(T27)野蜂A用尾針攻擊艾倫未能命中(2<=11)
(T34)野蜂A將艾倫選為目標
(T34)野蜂A用尾針命中艾倫造成2點傷害(15>14)
(T40)野蜂A將艾倫選為目標
(T40)野蜂A用尾針攻擊艾倫未能命中(6<=6)
(T47)野蜂A將艾倫選為目標
(T47)野蜂A用尾針命中艾倫造成2點傷害(14>11)
(T50)艾倫受到3點中毒傷害
(T54)野蜂A將艾倫選為目標
(T54)野蜂A用尾針攻擊艾倫未能命中(14<=20)
(T60)野蜂A將艾倫選為目標
(T60)野蜂A用尾針攻擊艾倫未能命中(11<=17)
(T67)野蜂A將艾倫選為目標
(T67)野蜂A用尾針攻擊艾倫未能命中(7<=18)
(T74)野蜂A將艾倫選為目標
(T74)野蜂A用尾針命中艾倫造成2點傷害(6>1)
(T80)野蜂A將艾倫選為目標
(T80)野蜂A用尾針攻擊艾倫未能命中(7<=11)
(T87)野蜂A將艾倫選為目標
(T87)野蜂A用尾針攻擊艾倫未能命中(8<=14)
(T94)野蜂A將艾倫選為目標
(T94)野蜂A用尾針攻擊艾倫未能命中(2<=15)
(T100)野蜂A將艾倫選為目標
(T100)野蜂A用尾針攻擊艾倫未能命中(1<=19)
(T107)野蜂A將艾倫選為目標
(T107)野蜂A用尾針攻擊艾倫未能命中(5<=5)
(T114)野蜂A將艾倫選為目標
(T114)野蜂A用尾針攻擊艾倫未能命中(2<=16)
(T120)野蜂A將艾倫選為目標
(T120)野蜂A用尾針命中艾倫造成1點傷害(16>5)
(T127)野蜂A將艾倫選為目標
(T127)野蜂A用尾針攻擊艾倫未能命中(11<=15)
(T134)野蜂A將艾倫選為目標
(T134)野蜂A用尾針命中艾倫造成2點傷害(3>2)
(T138)艾倫受到3點中毒傷害
