(T9)愛麗絲從(27,26)到(23,26)
(T10)帝國動員兵A將愛麗絲選為目標
(T10)帝國動員兵A從(20,24)到(22,26)
(T10)帝國動員兵A用無畏二型命中愛麗絲造成3點傷害(5>4)
(T13)帝國裝甲車「阿斯提」B將愛麗絲選為目標
(T13)帝國裝甲車「阿斯提」B從(1,26)到(11,26)
(T19)帝國動員兵A將愛麗絲選為目標
(T20)艾倫從(27,27)到(27,28)
(T20)夏洛特從(26,27)到(26,28)
(T22)帝國動員兵C將愛麗絲選為目標
(T22)帝國動員兵C從(49,44)到(49,39)
(T23)帝國動員兵D將愛麗絲選為目標
(T23)帝國動員兵D從(10,26)到(14,25)
(T25)帝國裝甲車「阿斯提」B將愛麗絲選為目標
(T25)帝國裝甲車「阿斯提」B從(11,26)到(18,26)
(T28)帝國動員兵A將愛麗絲選為目標
(T28)帝國動員兵A對愛麗絲發起刺刀突擊,命中(5>4)
(T31)帝國動員兵C將愛麗絲選為目標
(T31)帝國動員兵C從(49,39)到(49,34)
(T32)帝國動員兵D將愛麗絲選為目標
(T32)帝國動員兵D從(14,25)到(19,25)
(T32)帝國動員兵D用無畏二型命中愛麗絲造成3點傷害(5>4)
(T34)愛麗絲從(23,26)到(26,24)
(T37)帝國動員兵A將愛麗絲選為目標
(T37)帝國動員兵A從(22,26)到(26,26)
(T38)帝國裝甲車「阿斯提」B將愛麗絲選為目標
(T38)帝國裝甲車「阿斯提」B從(18,26)到(21,24)
(T40)帝國動員兵C將愛麗絲選為目標
(T40)帝國動員兵C從(49,34)到(45,33)
(T40)艾倫從(27,28)到(31,28)
(T40)夏洛特從(26,28)到(26,33)
(T41)帝國動員兵D將愛麗絲選為目標
(T41)帝國動員兵D從(19,25)到(22,23)
(T46)帝國動員兵A將愛麗絲選為目標
(T46)帝國動員兵A從(26,26)到(27,24)
(T46)帝國動員兵A對愛麗絲發起刺刀突擊,命中(5>4)
(T49)帝國動員兵C將愛麗絲選為目標
(T49)帝國動員兵C從(45,33)到(42,31)
(T50)帝國動員兵D將愛麗絲選為目標
(T50)帝國動員兵D從(22,23)到(26,22)
(T50)帝國裝甲車「阿斯提」B將愛麗絲選為目標
(T50)帝國裝甲車「阿斯提」B從(21,24)到(21,24)
(T55)帝國動員兵A將愛麗絲選為目標
(T55)帝國動員兵A對愛麗絲發起刺刀突擊,命中(5>4)
(T58)帝國動員兵C將愛麗絲選為目標
(T58)帝國動員兵C從(42,31)到(42,26)
(T59)帝國動員兵D將愛麗絲選為目標
(T59)帝國動員兵D從(26,22)到(26,23)
(T59)帝國動員兵D對愛麗絲發起刺刀突擊,命中(5>4)
(T60)帝國動員兵E將愛麗絲選為目標
(T60)帝國動員兵E從(21,28)到(24,26)
(T60)帝國動員兵E用無畏二型命中愛麗絲造成3點傷害(5>4)
(T63)帝國裝甲車「阿斯提」B將愛麗絲選為目標
(T63)帝國裝甲車「阿斯提」B從(21,24)到(21,24)
(T64)帝國動員兵A將愛麗絲選為目標
(T64)帝國動員兵A對愛麗絲發起刺刀突擊,命中(5>4)
(T67)帝國動員兵C將愛麗絲選為目標
(T67)帝國動員兵C從(42,26)到(39,24)
