(T9)愛麗絲從(26,24)到(26,30)
(T13)帝國裝甲車「阿斯提」B將愛麗絲選為目標
(T13)帝國裝甲車「阿斯提」B從(1,26)到(11,26)
(T17)愛麗絲從(26,30)到(26,34)
(T22)帝國動員兵C將愛麗絲選為目標
(T22)帝國動員兵C從(49,44)到(49,39)
(T25)愛麗絲受到3點燒灼傷害
(T25)帝國裝甲車「阿斯提」B將愛麗絲選為目標
(T25)帝國裝甲車「阿斯提」B從(11,26)到(21,26)
(T31)帝國動員兵C將愛麗絲選為目標
(T31)帝國動員兵C從(49,39)到(49,34)
(T34)愛麗絲受到2點燒灼傷害
(T34)愛麗絲從(26,34)到(26,40)
(T38)帝國裝甲車「阿斯提」B將愛麗絲選為目標
(T38)帝國裝甲車「阿斯提」B從(21,26)到(26,30)
(T40)帝國動員兵C將愛麗絲選為目標
(T40)帝國動員兵C從(49,34)到(49,39)
(T42)愛麗絲受到1點燒灼傷害
(T42)愛麗絲從(26,40)到(25,44)
(T49)帝國動員兵C將愛麗絲選為目標
(T49)帝國動員兵C從(49,39)到(49,44)
(T50)帝國裝甲車「阿斯提」B受到36點燒灼傷害
(T50)帝國裝甲車「阿斯提」B將愛麗絲選為目標
(T50)帝國裝甲車「阿斯提」B從(26,30)到(26,40)
(T58)帝國動員兵C將愛麗絲選為目標
(T58)帝國動員兵C從(49,44)到(44,44)
(T59)愛麗絲從(25,44)到(26,44)
