(T9)愛麗絲從(26,24)到(22,22)
(T13)帝國裝甲車「阿斯提」B將愛麗絲選為目標
(T13)帝國裝甲車「阿斯提」B從(1,26)到(11,26)
(T19)帝國裝甲車「阿斯提」B用迫擊炮對測試稻草人A造成8點傷害並施加震懾
(T22)帝國裝甲車「阿斯提」B用迫擊炮對愛麗絲造成5點傷害並施加震懾
(T22)帝國動員兵C將愛麗絲選為目標
(T22)帝國動員兵C從(49,44)到(49,39)
(T25)帝國裝甲車「阿斯提」B將愛麗絲選為目標
(T25)帝國裝甲車「阿斯提」B從(11,26)到(21,26)
(T31)帝國動員兵C將愛麗絲選為目標
(T31)帝國動員兵C從(49,39)到(49,34)
(T38)帝國裝甲車「阿斯提」B將愛麗絲選為目標
(T38)帝國裝甲車「阿斯提」B從(21,26)到(26,20)
(T40)帝國動員兵C將愛麗絲選為目標
(T40)帝國動員兵C從(49,34)到(45,33)
(T49)帝國動員兵C將愛麗絲選為目標
(T49)帝國動員兵C從(45,33)到(42,31)
(T50)帝國裝甲車「阿斯提」B將愛麗絲選為目標
(T50)帝國裝甲車「阿斯提」B從(26,20)到(22,17)
(T50)帝國裝甲車「阿斯提」B用帝國車載輕機槍對愛麗絲造成3點傷害(迴避失敗12>11)
(T58)帝國動員兵C將愛麗絲選為目標
(T58)帝國動員兵C從(42,31)到(42,26)
