(T13)帝國裝甲車「阿斯提」B將愛麗絲選為目標
(T13)帝國裝甲車「阿斯提」B從(26,40)到(26,30)
(T16)帝國裝甲車「阿斯提」B用迫擊炮對測試稻草人A造成10點傷害並施加震懾
(T16)帝國裝甲車「阿斯提」B用迫擊炮對愛麗絲造成7點傷害並施加震懾
(T19)帝國裝甲車「阿斯提」B用迫擊炮對愛麗絲造成5點傷害並施加震懾
(T22)帝國裝甲車「阿斯提」B用迫擊炮對愛麗絲造成7點傷害並施加震懾
(T22)帝國動員兵C將艾倫選為目標
(T22)帝國動員兵C從(49,44)到(49,39)
(T23)帝國動員兵D將夏洛特選為目標
(T23)帝國動員兵D從(26,34)到(25,33)
(T25)帝國裝甲車「阿斯提」B將艾倫選為目標
(T25)帝國裝甲車「阿斯提」B從(26,30)到(26,28)
(T25)帝國裝甲車「阿斯提」B用帝國車載輕機槍對夏洛特造成4點傷害(迴避成功10<=12)
(T25)帝國裝甲車「阿斯提」B用帝國車載輕機槍對艾倫造成3點傷害(迴避失敗19>11)
(T30)艾倫從(27,27)到(28,27)
(T31)帝國動員兵C將艾倫選為目標
(T31)帝國動員兵C從(49,39)到(49,34)
(T32)帝國動員兵D將夏洛特選為目標
(T32)帝國動員兵D從(25,33)到(26,32)
(T32)帝國動員兵D用無畏二型攻擊夏洛特未能命中(12<=13)
(T38)帝國裝甲車「阿斯提」B將艾倫選為目標
(T38)帝國裝甲車「阿斯提」B從(26,28)到(26,28)
(T40)帝國動員兵C將艾倫選為目標
(T40)帝國動員兵C從(49,34)到(45,33)
(T41)帝國動員兵D將夏洛特選為目標
(T41)帝國動員兵D從(26,32)到(26,33)
(T49)帝國動員兵C將艾倫選為目標
(T49)帝國動員兵C從(45,33)到(42,31)
(T50)帝國動員兵D將夏洛特選為目標
(T50)帝國動員兵D從(26,33)到(26,32)
(T50)帝國裝甲車「阿斯提」B將艾倫選為目標
(T50)帝國裝甲車「阿斯提」B從(26,28)到(26,28)
(T58)帝國動員兵C將艾倫選為目標
(T58)帝國動員兵C從(42,31)到(41,27)
(T59)帝國動員兵D將夏洛特選為目標
(T59)帝國動員兵D從(26,32)到(26,33)
(T63)帝國裝甲車「阿斯提」B將艾倫選為目標
(T63)帝國裝甲車「阿斯提」B從(26,28)到(26,28)
(T67)帝國動員兵C將艾倫選為目標
(T67)帝國動員兵C從(41,27)到(36,27)
(T68)帝國動員兵D將夏洛特選為目標
(T68)帝國動員兵D從(26,33)到(27,32)
(T73)帝國動員兵E將夏洛特選為目標
(T73)帝國動員兵E從(26,32)到(26,33)
