(T13)帝國裝甲車「阿斯提」B將愛麗絲選為目標
(T13)帝國裝甲車「阿斯提」B從(1,26)到(11,26)
(T16)帝國裝甲車「阿斯提」B用迫擊炮對測試稻草人A造成6點傷害並施加震懾
(T16)帝國裝甲車「阿斯提」B用迫擊炮對愛麗絲造成7點傷害並施加震懾
(T22)帝國裝甲車「阿斯提」B用迫擊炮對測試稻草人A造成9點傷害並施加震懾
(T22)帝國動員兵C將愛麗絲選為目標
(T22)帝國動員兵C從(49,44)到(49,39)
(T23)帝國動員兵D將愛麗絲選為目標
(T23)帝國動員兵D從(10,26)到(13,24)
(T25)帝國裝甲車「阿斯提」B將愛麗絲選為目標
(T25)帝國裝甲車「阿斯提」B從(11,26)到(21,26)
(T31)帝國動員兵C將艾倫選為目標
(T31)帝國動員兵C從(49,39)到(49,34)
(T32)帝國動員兵D將愛麗絲選為目標
(T32)帝國動員兵D從(13,24)到(18,24)
(T32)帝國動員兵D用無畏二型攻擊愛麗絲未能命中(4<=5)
(T38)帝國裝甲車「阿斯提」B將夏洛特選為目標
(T38)帝國裝甲車「阿斯提」B從(21,26)到(22,26)
(T38)帝國裝甲車「阿斯提」B用帝國車載輕機槍對夏洛特造成5點傷害(迴避成功7<=12)
(T40)帝國動員兵C將艾倫選為目標
(T40)帝國動員兵C從(49,34)到(45,33)
