(T13)帝國裝甲車「阿斯提」B將愛麗絲選為目標
(T13)帝國裝甲車「阿斯提」B從(1,26)到(11,26)
(T19)帝國裝甲車「阿斯提」B用迫擊炮對測試稻草人A造成9點傷害並施加震懾
(T19)帝國裝甲車「阿斯提」B用迫擊炮對愛麗絲造成9點傷害並施加震懾
(T22)帝國裝甲車「阿斯提」B用迫擊炮對測試稻草人A造成10點傷害並施加震懾
(T22)帝國動員兵C將愛麗絲選為目標
(T22)帝國動員兵C從(49,44)到(49,39)
(T23)帝國動員兵D將愛麗絲選為目標
(T23)帝國動員兵D從(10,26)到(13,24)
(T25)帝國裝甲車「阿斯提」B將愛麗絲選為目標
(T25)帝國裝甲車「阿斯提」B從(11,26)到(21,26)
(T31)帝國動員兵C將艾倫選為目標
(T31)帝國動員兵C從(49,39)到(49,34)
(T32)帝國動員兵D將愛麗絲選為目標
(T32)帝國動員兵D從(13,24)到(18,24)
(T32)帝國動員兵D用無畏二型攻擊愛麗絲未能命中(12<=19)
(T38)帝國裝甲車「阿斯提」B將夏洛特選為目標
(T38)帝國裝甲車「阿斯提」B從(21,26)到(22,26)
(T38)帝國裝甲車「阿斯提」B用帝國車載輕機槍對夏洛特造成6點傷害(迴避失敗20>12)
(T40)帝國動員兵C將艾倫選為目標
(T40)帝國動員兵C從(49,34)到(45,33)
(T41)帝國動員兵D將愛麗絲選為目標
(T41)帝國動員兵D從(18,24)到(21,25)
(T49)帝國動員兵C將艾倫選為目標
(T49)帝國動員兵C從(45,33)到(42,31)
(T50)帝國動員兵D將愛麗絲選為目標
(T50)帝國動員兵D對愛麗絲發起刺刀突擊,命中(19>1)
(T50)帝國裝甲車「阿斯提」B將夏洛特選為目標
(T50)帝國裝甲車「阿斯提」B從(22,26)到(22,26)
(T50)帝國裝甲車「阿斯提」B用帝國車載輕機槍對夏洛特造成3點傷害(迴避成功8<=12)
(T58)帝國動員兵C將艾倫選為目標
(T58)帝國動員兵C從(42,31)到(41,27)
(T59)帝國動員兵D將愛麗絲選為目標
(T59)帝國動員兵D對愛麗絲發起刺刀突擊,命中(12>7)
(T60)帝國動員兵E將愛麗絲選為目標
(T60)帝國動員兵E從(21,26)到(20,24)
(T60)帝國動員兵E用無畏二型攻擊愛麗絲未能命中(10<=10)
(T63)帝國裝甲車「阿斯提」B將夏洛特選為目標
(T63)帝國裝甲車「阿斯提」B從(22,26)到(22,26)
(T63)帝國裝甲車「阿斯提」B用帝國車載輕機槍對夏洛特造成4點傷害(迴避成功9<=12)
(T67)帝國動員兵C將艾倫選為目標
(T67)帝國動員兵C從(41,27)到(36,27)
(T68)帝國動員兵D將愛麗絲選為目標
(T68)帝國動員兵D對愛麗絲發起刺刀突擊,命中(15>6)
(T69)帝國動員兵E將愛麗絲選為目標
(T75)帝國裝甲車「阿斯提」B將夏洛特選為目標
(T75)帝國裝甲車「阿斯提」B從(22,26)到(22,26)
(T75)帝國裝甲車「阿斯提」B用帝國車載輕機槍對夏洛特造成1點傷害(迴避成功9<=12)
(T76)帝國動員兵C將艾倫選為目標
(T76)帝國動員兵C從(36,27)到(31,27)
(T76)帝國動員兵C用無畏二型攻擊艾倫未能命中(1<=18)
(T77)帝國動員兵D將愛麗絲選為目標
(T77)帝國動員兵D對愛麗絲發起刺刀突擊,命中(5>2)
(T78)帝國動員兵E將愛麗絲選為目標
(T78)帝國動員兵E對愛麗絲發起刺刀突擊,命中(12>0)
(T85)帝國動員兵C將艾倫選為目標
(T85)帝國動員兵C從(31,27)到(28,27)
(T86)帝國動員兵D將愛麗絲選為目標
(T86)帝國動員兵D對愛麗絲發起刺刀突擊,未命中(2<=11)
(T87)帝國動員兵E將愛麗絲選為目標
(T87)帝國動員兵E對愛麗絲發起刺刀突擊,未命中(2<=2)
(T88)帝國裝甲車「阿斯提」B將夏洛特選為目標
(T88)帝國裝甲車「阿斯提」B從(22,26)到(22,26)
(T88)帝國裝甲車「阿斯提」B用帝國車載輕機槍對夏洛特造成3點傷害(迴避成功2<=12)
(T94)帝國動員兵C將艾倫選為目標
(T94)帝國動員兵C對艾倫發起刺刀突擊,命中(13>9)
(T95)帝國動員兵D將愛麗絲選為目標
(T95)帝國動員兵D對愛麗絲發起刺刀突擊,命中(17>4)
(T96)帝國動員兵E將愛麗絲選為目標
(T96)帝國動員兵E對愛麗絲發起刺刀突擊,命中(8>0)
(T98)帝國動員兵F將愛麗絲選為目標
(T98)帝國動員兵F從(21,26)到(19,24)
(T98)帝國動員兵F用無畏二型攻擊愛麗絲未能命中(6<=14)
(T100)帝國裝甲車「阿斯提」B將夏洛特選為目標
(T100)帝國裝甲車「阿斯提」B從(22,26)到(22,26)
(T100)帝國裝甲車「阿斯提」B用帝國車載輕機槍對夏洛特造成(T100)夏洛特退出戰鬥
(T103)夏洛特退出戰鬥
(T103)帝國動員兵C將艾倫選為目標
(T103)帝國動員兵C對艾倫發起刺刀突擊,命中(15>13)
(T104)帝國動員兵D將愛麗絲選為目標
(T104)帝國動員兵D對愛麗絲發起刺刀突擊,命中(15>1)
(T105)帝國動員兵E將愛麗絲選為目標
(T105)帝國動員兵E對愛麗絲發起刺刀突擊,未命中(3<=13)
(T107)帝國動員兵F將愛麗絲選為目標
(T107)帝國動員兵F從(19,24)到(21,22)
