(T8)狼王C將昏迷的愛麗絲選為目標
(T8)狼王C從(10,7)到(11,7)
(T10)老狼A呼喚了野狼D
(T10)老狼B呼喚了野狼E
(T10)艾倫從(9,14)到(8,12)
(T10)艾倫將老狼A選為目標
(T10)艾倫用10式手槍命中老狼A造成4點傷害(20>17)
(T10)艾倫從(8,12)到(9,14)
(T10)夏洛特從(10,14)到(8,12)
(T10)夏洛特將老狼A選為目標
(T10)夏洛特用巡林者命中老狼A造成13點傷害(18>0)
(T16)狼王C用火球對昏迷的愛麗絲造成5點傷害
(T19)老狼B將夏洛特選為目標
(T19)老狼B從(13,12)到(9,12)
(T19)老狼B用爪子攻擊夏洛特未能命中(4<=12)
(T19)野狼D將夏洛特選為目標
(T19)野狼D從(0,11)到(6,12)
(T19)野狼E將夏洛特選為目標
(T19)野狼E從(19,12)到(12,12)
(T20)艾倫從(9,14)到(9,13)
(T20)艾倫將老狼A選為目標
(T20)艾倫將老狼A選為目標
(T20)艾倫將老狼A選為目標
(T20)艾倫從(9,13)到(10,14)
(T20)艾倫將老狼A選為目標
(T20)艾倫從(10,14)到(10,13)
