(T13)帝國裝甲車「阿斯提」B將愛麗絲選為目標
(T13)帝國裝甲車「阿斯提」B從(1,26)到(11,26)
(T22)帝國裝甲車「阿斯提」B用迫擊炮對愛麗絲造成4點傷害並施加震懾
(T22)帝國動員兵C將愛麗絲選為目標
(T22)帝國動員兵C從(49,44)到(49,39)
(T25)帝國裝甲車「阿斯提」B將愛麗絲選為目標
(T25)帝國裝甲車「阿斯提」B從(11,26)到(20,25)
(T25)帝國裝甲車「阿斯提」B用帝國車載輕機槍對愛麗絲造成6點傷害(迴避失敗16>11)
(T31)帝國動員兵C將愛麗絲選為目標
(T31)帝國動員兵C從(49,39)到(49,34)
(T34)愛麗絲從(21,24)到(22,23)
(T38)帝國裝甲車「阿斯提」B將愛麗絲選為目標
(T38)帝國裝甲車「阿斯提」B從(20,25)到(20,24)
(T40)帝國動員兵C將愛麗絲選為目標
(T40)帝國動員兵C從(49,34)到(45,33)
(T49)帝國動員兵C將愛麗絲選為目標
(T49)帝國動員兵C從(45,33)到(42,31)
(T50)帝國裝甲車「阿斯提」B將愛麗絲選為目標
(T50)帝國裝甲車「阿斯提」B從(20,24)到(20,24)
(T58)帝國動員兵C將愛麗絲選為目標
(T58)帝國動員兵C從(42,31)到(42,26)
(T63)帝國裝甲車「阿斯提」B將愛麗絲選為目標
(T63)帝國裝甲車「阿斯提」B從(20,24)到(20,24)
(T67)帝國動員兵C將愛麗絲選為目標
(T67)帝國動員兵C從(42,26)到(39,24)
(T67)愛麗絲從(22,23)到(22,17)
(T75)帝國裝甲車「阿斯提」B從(20,24)到(20,24)
(T76)帝國動員兵C從(39,24)到(34,24)
(T80)艾倫從(27,27)到(26,24)
(T85)帝國動員兵C將艾倫選為目標
(T85)帝國動員兵C從(34,24)到(31,24)
(T85)帝國動員兵C用無畏二型攻擊艾倫未能命中(11<=16)
(T88)帝國裝甲車「阿斯提」B將艾倫選為目標
(T88)帝國裝甲車「阿斯提」B從(20,24)到(20,24)
(T94)帝國動員兵C將艾倫選為目標
(T94)帝國動員兵C從(31,24)到(28,26)
(T97)帝國裝甲車「阿斯提」B用迫擊炮對艾倫造成8點傷害並施加震懾
(T100)帝國裝甲車「阿斯提」B將艾倫選為目標
(T100)帝國裝甲車「阿斯提」B從(20,24)到(20,24)
(T103)帝國動員兵C將艾倫選為目標
(T103)帝國動員兵C從(28,26)到(27,24)
(T112)帝國動員兵C將艾倫選為目標
(T112)帝國動員兵C對艾倫發起刺刀突擊,命中(10>2)
(T113)帝國裝甲車「阿斯提」B將艾倫選為目標
(T113)帝國裝甲車「阿斯提」B從(20,24)到(20,24)
