(T13)帝國裝甲車「阿斯提」B將愛麗絲選為目標
(T13)帝國裝甲車「阿斯提」B從(26,14)到(22,20)
(T20)艾倫從(27,27)到(26,24)
(T22)帝國動員兵C將艾倫選為目標
(T22)帝國動員兵C從(49,44)到(49,39)
(T25)帝國裝甲車「阿斯提」B將艾倫選為目標
(T25)帝國裝甲車「阿斯提」B從(22,20)到(25,19)
(T30)艾倫從(26,24)到(27,21)
(T31)帝國動員兵C將愛麗絲選為目標
(T31)帝國動員兵C從(49,39)到(49,34)
(T38)帝國裝甲車「阿斯提」B將愛麗絲選為目標
(T38)帝國裝甲車「阿斯提」B從(25,19)到(22,19)
(T40)帝國動員兵C將艾倫選為目標
(T40)帝國動員兵C從(49,34)到(45,33)
(T48)帝國動員兵D將愛麗絲選為目標
(T48)帝國動員兵D從(21,19)到(21,18)
(T49)帝國動員兵C將艾倫選為目標
(T49)帝國動員兵C從(45,33)到(42,31)
(T50)帝國裝甲車「阿斯提」B將艾倫選為目標
(T50)帝國裝甲車「阿斯提」B從(22,19)到(24,19)
(T57)帝國動員兵D將愛麗絲選為目標
(T57)帝國動員兵D從(21,18)到(22,22)
(T57)帝國動員兵D用無畏二型命中愛麗絲造成6點傷害(10>9)
(T58)帝國動員兵C將愛麗絲選為目標
(T58)帝國動員兵C從(42,31)到(42,26)
(T60)艾倫從(27,21)到(31,20)
(T63)帝國裝甲車「阿斯提」B將艾倫選為目標
(T63)帝國裝甲車「阿斯提」B從(24,19)到(27,19)
(T63)帝國裝甲車「阿斯提」B用帝國車載輕機槍對艾倫造成5點傷害(迴避成功11<=11)
(T66)帝國動員兵D將愛麗絲選為目標
(T66)帝國動員兵D從(22,22)到(20,24)
(T67)帝國動員兵C將艾倫選為目標
(T67)帝國動員兵C從(42,26)到(39,24)
(T70)艾倫從(31,20)到(34,17)
(T75)帝國動員兵D將愛麗絲選為目標
(T75)帝國動員兵D對愛麗絲發起刺刀突擊,未命中(7<=9)
(T75)帝國裝甲車「阿斯提」B將艾倫選為目標
(T75)帝國裝甲車「阿斯提」B從(27,19)到(32,17)
(T76)帝國動員兵C將愛麗絲選為目標
(T76)帝國動員兵C從(39,24)到(34,24)
(T84)帝國動員兵D將愛麗絲選為目標
(T84)帝國動員兵D對愛麗絲發起刺刀突擊,命中(19>9)
(T85)帝國動員兵E將愛麗絲選為目標
(T85)帝國動員兵E從(32,21)到(27,21)
(T85)帝國動員兵C將愛麗絲選為目標
(T85)帝國動員兵C從(34,24)到(31,24)
(T88)帝國裝甲車「阿斯提」B將愛麗絲選為目標
(T88)帝國裝甲車「阿斯提」B從(32,17)到(23,18)
(T90)艾倫從(34,17)到(30,19)
(T93)帝國動員兵D將愛麗絲選為目標
(T93)帝國動員兵D對愛麗絲發起刺刀突擊,命中(15>7)
(T94)帝國動員兵E將艾倫選為目標
(T94)帝國動員兵E從(27,21)到(29,19)
(T94)帝國動員兵E用無畏二型命中艾倫造成6點傷害(11>8)
(T94)帝國動員兵C將艾倫選為目標
(T94)帝國動員兵C從(31,24)到(31,20)
(T94)帝國動員兵C用無畏二型攻擊艾倫未能命中(2<=3)
(T100)帝國裝甲車「阿斯提」B將艾倫選為目標
(T100)帝國裝甲車「阿斯提」B從(23,18)到(25,18)
(T102)帝國動員兵D將愛麗絲選為目標
(T102)帝國動員兵D對愛麗絲發起刺刀突擊,命中(15>11)
(T103)帝國裝甲車「阿斯提」B用迫擊炮對帝國動員兵E造成6點傷害並施加震懾
(T103)帝國裝甲車「阿斯提」B用迫擊炮對艾倫造成8點傷害並施加震懾
(T103)帝國動員兵E將艾倫選為目標
(T103)帝國動員兵C將艾倫選為目標
(T103)帝國動員兵C從(31,20)到(30,18)
(T106)帝國裝甲車「阿斯提」B用迫擊炮對帝國動員兵C造成9點傷害並施加震懾
(T106)帝國裝甲車「阿斯提」B用迫擊炮對艾倫造成7點傷害並施加震懾
(T111)帝國動員兵D將愛麗絲選為目標
(T111)帝國動員兵D對愛麗絲發起刺刀突擊