(T9)愛麗絲從(27,26)到(21,26)
(T17)愛麗絲從(21,26)到(21,25)
(T22)帝國動員兵C將愛麗絲選為目標
(T22)帝國動員兵C從(49,44)到(49,39)
(T23)帝國動員兵D將愛麗絲選為目標
(T23)帝國動員兵D從(0,26)到(3,28)
(T25)愛麗絲從(21,25)到(21,24)
(T25)愛麗絲將測試稻草人A選為目標
(T25)愛麗絲用長劍命中測試稻草人A造成9點傷害(13>9)
(T25)帝國裝甲車「阿斯提」B將愛麗絲選為目標
(T25)帝國裝甲車「阿斯提」B從(1,26)到(11,26)
(T28)帝國裝甲車「阿斯提」B用迫擊炮對愛麗絲造成8點傷害並施加震懾
(T31)帝國裝甲車「阿斯提」B用迫擊炮對測試稻草人A造成8點傷害並施加震懾
(T31)帝國裝甲車「阿斯提」B用迫擊炮對愛麗絲造成8點傷害並施加震懾
(T31)帝國動員兵C將愛麗絲選為目標
(T31)帝國動員兵C從(49,39)到(49,34)
(T32)帝國動員兵D將愛麗絲選為目標
(T32)帝國動員兵D從(3,28)到(4,24)
(T38)帝國裝甲車「阿斯提」B將愛麗絲選為目標
(T38)帝國裝甲車「阿斯提」B從(11,26)到(21,26)
(T40)帝國動員兵C將艾倫選為目標
(T40)帝國動員兵C從(49,34)到(45,33)
(T41)帝國動員兵D將愛麗絲選為目標
(T41)帝國動員兵D從(4,24)到(9,24)
(T49)帝國動員兵C將艾倫選為目標
(T49)帝國動員兵C從(45,33)到(42,31)
(T50)帝國動員兵D將愛麗絲選為目標
(T50)帝國動員兵D從(9,24)到(14,24)
