(T13)帝國裝甲車「阿斯提」B將愛麗絲選為目標
(T13)帝國裝甲車「阿斯提」B從(26,40)到(26,30)
(T19)帝國裝甲車「阿斯提」B用迫擊炮對測試稻草人A造成12點傷害並施加震懾
(T19)帝國裝甲車「阿斯提」B用迫擊炮對愛麗絲造成7點傷害並施加震懾
(T22)帝國動員兵C將艾倫選為目標
(T22)帝國動員兵C從(49,44)到(49,39)
(T23)帝國動員兵D將夏洛特選為目標
(T23)帝國動員兵D從(26,34)到(25,33)
(T25)帝國裝甲車「阿斯提」B將艾倫選為目標
(T25)帝國裝甲車「阿斯提」B從(26,30)到(26,28)
(T25)帝國裝甲車「阿斯提」B用帝國車載輕機槍對夏洛特造成2點傷害(迴避失敗17>12)
(T25)帝國裝甲車「阿斯提」B用帝國車載輕機槍對艾倫造成12點傷害(迴避失敗13>11)
(T31)帝國動員兵C將艾倫選為目標
(T31)帝國動員兵C從(49,39)到(49,34)
(T32)帝國動員兵D將夏洛特選為目標
(T32)帝國動員兵D從(25,33)到(26,32)
(T32)帝國動員兵D用無畏二型攻擊夏洛特未能命中(1<=14)
(T38)帝國裝甲車「阿斯提」B將艾倫選為目標
(T38)帝國裝甲車「阿斯提」B從(26,28)到(26,28)
(T38)帝國裝甲車「阿斯提」B用帝國車載輕機槍對夏洛特造成1點傷害(迴避成功6<=12)
(T38)帝國裝甲車「阿斯提」B用帝國車載輕機槍對艾倫造成5點傷害(迴避成功8<=11)
(T40)帝國動員兵C將艾倫選為目標
(T40)帝國動員兵C從(49,34)到(45,33)
