(T13)帝國裝甲車「阿斯提」B將愛麗絲選為目標
(T13)帝國裝甲車「阿斯提」B從(1,26)到(11,26)
(T16)帝國裝甲車「阿斯提」B用迫擊炮對愛麗絲造成9點傷害並施加震懾
(T19)帝國裝甲車「阿斯提」B用迫擊炮對愛麗絲造成5點傷害並施加震懾
(T20)夏洛特從(26,27)到(26,21)
(T22)帝國動員兵C將愛麗絲選為目標
(T22)帝國動員兵C從(49,44)到(49,39)
(T23)帝國動員兵D將愛麗絲選為目標
(T23)帝國動員兵D從(10,26)到(13,24)
(T25)帝國裝甲車「阿斯提」B將愛麗絲選為目標
(T25)帝國裝甲車「阿斯提」B從(11,26)到(21,26)
(T30)艾倫從(27,27)到(27,21)
(T31)帝國動員兵C將愛麗絲選為目標
(T31)帝國動員兵C從(49,39)到(49,34)
(T32)帝國動員兵D將愛麗絲選為目標
(T32)帝國動員兵D從(13,24)到(18,24)
(T32)帝國動員兵D用無畏二型攻擊愛麗絲未能命中(5<=6)
(T34)愛麗絲從(21,24)到(22,25)
(T34)愛麗絲從(22,25)到(21,25)
(T34)愛麗絲將測試稻草人A選為目標
(T34)愛麗絲將測試稻草人A選為目標
(T38)帝國裝甲車「阿斯提」B將愛麗絲選為目標
(T38)帝國裝甲車「阿斯提」B從(21,26)到(21,26)
(T40)帝國動員兵C將愛麗絲選為目標
(T40)帝國動員兵C從(49,34)到(45,33)
(T40)艾倫從(27,21)到(27,23)
(T41)帝國動員兵D將愛麗絲選為目標
(T41)帝國動員兵D從(18,24)到(20,25)
(T49)帝國動員兵C將艾倫選為目標
(T49)帝國動員兵C從(45,33)到(42,31)
(T50)帝國動員兵D將愛麗絲選為目標
(T50)帝國動員兵D對愛麗絲發起刺刀突擊,未命中(11<=13)
(T50)愛麗絲從(21,25)到(18,24)
(T50)帝國裝甲車「阿斯提」B將艾倫選為目標
(T50)帝國裝甲車「阿斯提」B從(21,26)到(26,24)
(T50)帝國裝甲車「阿斯提」B用帝國車載輕機槍對艾倫造成2點傷害(迴避成功2<=11)
(T58)帝國動員兵C將艾倫選為目標
(T58)帝國動員兵C從(42,31)到(42,26)
(T59)帝國動員兵D將艾倫選為目標
(T59)帝國動員兵D從(20,25)到(22,23)
(T60)帝國動員兵E將艾倫選為目標
(T60)帝國動員兵E從(26,28)到(28,26)
(T60)帝國動員兵E用無畏二型攻擊艾倫未能命中(3<=18)
(T63)帝國裝甲車「阿斯提」B將艾倫選為目標
(T63)帝國裝甲車「阿斯提」B從(26,24)到(26,24)
(T63)帝國裝甲車「阿斯提」B用帝國車載輕機槍對艾倫造成4點傷害(迴避成功5<=11)
(T67)帝國動員兵C將艾倫選為目標
(T67)帝國動員兵C從(42,26)到(39,24)
