(T13)帝國裝甲車「阿斯提」B將愛麗絲選為目標
(T13)帝國裝甲車「阿斯提」B從(1,26)到(11,26)
(T16)帝國裝甲車「阿斯提」B用迫擊炮對愛麗絲造成7點傷害並施加震懾
(T17)愛麗絲從(21,24)到(22,23)
(T22)帝國裝甲車「阿斯提」B用迫擊炮對測試稻草人A造成8點傷害並施加震懾
(T22)帝國動員兵C將愛麗絲選為目標
(T22)帝國動員兵C從(49,44)到(49,39)
(T25)帝國裝甲車「阿斯提」B將愛麗絲選為目標
(T25)帝國裝甲車「阿斯提」B從(11,26)到(21,25)
(T25)帝國裝甲車「阿斯提」B用帝國車載輕機槍對測試稻草人A造成9點傷害(迴避失敗17>0)
(T25)帝國裝甲車「阿斯提」B用帝國車載輕機槍對愛麗絲造成5點傷害(迴避成功1<=11)
(T31)帝國動員兵C將愛麗絲選為目標
(T31)帝國動員兵C從(49,39)到(49,34)
(T38)帝國裝甲車「阿斯提」B將愛麗絲選為目標
(T38)帝國裝甲車「阿斯提」B從(21,25)到(21,24)
(T38)帝國裝甲車「阿斯提」B用帝國車載輕機槍對測試稻草人A造成6點傷害(迴避失敗8>0)
(T38)帝國裝甲車「阿斯提」B用帝國車載輕機槍對愛麗絲造成4點傷害(迴避成功5<=11)
(T40)帝國動員兵C將愛麗絲選為目標
(T40)帝國動員兵C從(49,34)到(45,33)
(T40)艾倫從(27,27)到(26,24)
(T42)愛麗絲從(22,23)到(27,22)
(T49)帝國動員兵C將艾倫選為目標
(T49)帝國動員兵C從(45,33)到(42,31)
(T50)夏洛特從(26,27)到(26,33)
(T50)愛麗絲從(27,22)到(29,20)
(T50)帝國裝甲車「阿斯提」B將艾倫選為目標
(T50)帝國裝甲車「阿斯提」B從(21,24)到(21,24)
(T58)帝國動員兵C將艾倫選為目標
(T58)帝國動員兵C從(42,31)到(42,26)
(T63)帝國裝甲車「阿斯提」B將艾倫選為目標
(T63)帝國裝甲車「阿斯提」B從(21,24)到(21,24)
(T67)帝國動員兵C將艾倫選為目標
(T67)帝國動員兵C從(42,26)到(39,24)
